Invalid latitude: 342.363098
